Archive member included to satisfy reference by file (symbol)

d:/program files (x86)/atmel/studio/7.0/toolchain/avr8/avr8-gnu-toolchain/bin/../lib/gcc/avr/5.4.0/avr25\libgcc.a(_exit.o)
                              d:/program files (x86)/atmel/studio/7.0/toolchain/avr8/avr8-gnu-toolchain/bin/../lib/gcc/avr/5.4.0/../../../../avr/lib/avr25/crtattiny85.o (exit)
d:/program files (x86)/atmel/studio/7.0/toolchain/avr8/avr8-gnu-toolchain/bin/../lib/gcc/avr/5.4.0/avr25\libgcc.a(_copy_data.o)
                              usbdrv/usbdrv.o (__do_copy_data)
d:/program files (x86)/atmel/studio/7.0/toolchain/avr8/avr8-gnu-toolchain/bin/../lib/gcc/avr/5.4.0/avr25\libgcc.a(_clear_bss.o)
                              usbkeyboard.o (__do_clear_bss)

Allocating common symbols
Common symbol       size              file

usbTxBuf            0xb               usbdrv/usbdrv.o
usbTxStatus1        0xc               usbdrv/usbdrv.o
usbDeviceAddr       0x1               usbdrv/usbdrv.o
usbRxToken          0x1               usbdrv/usbdrv.o
usbInputBufOffset   0x1               usbdrv/usbdrv.o
usbMsgPtr           0x2               usbdrv/usbdrv.o
usbRxLen            0x1               usbdrv/usbdrv.o
usbNewDeviceAddr    0x1               usbdrv/usbdrv.o
usbCurrentTok       0x1               usbdrv/usbdrv.o
usbConfiguration    0x1               usbdrv/usbdrv.o
usbRxBuf            0x16              usbdrv/usbdrv.o

Discarded input sections

 .data          0x00000000        0x0 d:/program files (x86)/atmel/studio/7.0/toolchain/avr8/avr8-gnu-toolchain/bin/../lib/gcc/avr/5.4.0/../../../../avr/lib/avr25/crtattiny85.o
 .bss           0x00000000        0x0 d:/program files (x86)/atmel/studio/7.0/toolchain/avr8/avr8-gnu-toolchain/bin/../lib/gcc/avr/5.4.0/../../../../avr/lib/avr25/crtattiny85.o
 .text          0x00000000        0x0 device/osccal.o
 .data          0x00000000        0x0 device/osccal.o
 .bss           0x00000000        0x0 device/osccal.o
 .text          0x00000000        0x0 Functions.o
 .data          0x00000000        0x0 Functions.o
 .bss           0x00000000        0x0 Functions.o
 .text.releasekey
                0x00000000       0x38 Functions.o
 .text.presskey
                0x00000000       0x56 Functions.o
 .text.pressModifierKeys
                0x00000000        0xc Functions.o
 .text.releaseModifierKeys
                0x00000000        0xe Functions.o
 .text.pinMode  0x00000000       0x64 Functions.o
 .progmem.gcc_sw_table.pinMode
                0x00000000        0xe Functions.o
 .text.digitalWrite
                0x00000000       0x64 Functions.o
 .progmem.gcc_sw_table.digitalWrite
                0x00000000        0xe Functions.o
 .text.digitalRead
                0x00000000       0x3e Functions.o
 .progmem.gcc_sw_table.digitalRead
                0x00000000        0xe Functions.o
 .avr.prop      0x00000000       0x3a Functions.o
 .text          0x00000000        0x0 main.o
 .data          0x00000000        0x0 main.o
 .bss           0x00000000        0x0 main.o
 .text          0x00000000        0x0 Ascii2scancode.o
 .data          0x00000000        0x0 Ascii2scancode.o
 .bss           0x00000000        0x0 Ascii2scancode.o
 .text.keyPrintChar
                0x00000000       0x34 Ascii2scancode.o
 .text.keyPrintWord
                0x00000000       0x34 Ascii2scancode.o
 .progmem.data.ascii_to_scan_code_table
                0x00000000       0x7f Ascii2scancode.o
 .text          0x00000000        0x0 usbkeyboard.o
 .data          0x00000000        0x0 usbkeyboard.o
 .bss           0x00000000        0x0 usbkeyboard.o
 .text          0x00000000        0x0 usbdrv/oddebug.o
 .data          0x00000000        0x0 usbdrv/oddebug.o
 .bss           0x00000000        0x0 usbdrv/oddebug.o
 .debug_info    0x00000000       0x56 usbdrv/oddebug.o
 .debug_abbrev  0x00000000       0x26 usbdrv/oddebug.o
 .debug_aranges
                0x00000000       0x18 usbdrv/oddebug.o
 .debug_line    0x00000000       0x1a usbdrv/oddebug.o
 .debug_str     0x00000000      0x17d usbdrv/oddebug.o
 .comment       0x00000000       0x31 usbdrv/oddebug.o
 .text          0x00000000        0x0 usbdrv/usbdrv.o
 .data          0x00000000        0x0 usbdrv/usbdrv.o
 .bss           0x00000000        0x0 usbdrv/usbdrv.o
 .data          0x00000000        0x0 usbdrv/usbdrvasm.o
 .bss           0x00000000        0x0 usbdrv/usbdrvasm.o
 .text          0x00000000        0x0 d:/program files (x86)/atmel/studio/7.0/toolchain/avr8/avr8-gnu-toolchain/bin/../lib/gcc/avr/5.4.0/avr25\libgcc.a(_exit.o)
 .data          0x00000000        0x0 d:/program files (x86)/atmel/studio/7.0/toolchain/avr8/avr8-gnu-toolchain/bin/../lib/gcc/avr/5.4.0/avr25\libgcc.a(_exit.o)
 .bss           0x00000000        0x0 d:/program files (x86)/atmel/studio/7.0/toolchain/avr8/avr8-gnu-toolchain/bin/../lib/gcc/avr/5.4.0/avr25\libgcc.a(_exit.o)
 .text.libgcc.mul
                0x00000000        0x0 d:/program files (x86)/atmel/studio/7.0/toolchain/avr8/avr8-gnu-toolchain/bin/../lib/gcc/avr/5.4.0/avr25\libgcc.a(_exit.o)
 .text.libgcc.div
                0x00000000        0x0 d:/program files (x86)/atmel/studio/7.0/toolchain/avr8/avr8-gnu-toolchain/bin/../lib/gcc/avr/5.4.0/avr25\libgcc.a(_exit.o)
 .text.libgcc   0x00000000        0x0 d:/program files (x86)/atmel/studio/7.0/toolchain/avr8/avr8-gnu-toolchain/bin/../lib/gcc/avr/5.4.0/avr25\libgcc.a(_exit.o)
 .text.libgcc.prologue
                0x00000000        0x0 d:/program files (x86)/atmel/studio/7.0/toolchain/avr8/avr8-gnu-toolchain/bin/../lib/gcc/avr/5.4.0/avr25\libgcc.a(_exit.o)
 .text.libgcc.builtins
                0x00000000        0x0 d:/program files (x86)/atmel/studio/7.0/toolchain/avr8/avr8-gnu-toolchain/bin/../lib/gcc/avr/5.4.0/avr25\libgcc.a(_exit.o)
 .text.libgcc.fmul
                0x00000000        0x0 d:/program files (x86)/atmel/studio/7.0/toolchain/avr8/avr8-gnu-toolchain/bin/../lib/gcc/avr/5.4.0/avr25\libgcc.a(_exit.o)
 .text.libgcc.fixed
                0x00000000        0x0 d:/program files (x86)/atmel/studio/7.0/toolchain/avr8/avr8-gnu-toolchain/bin/../lib/gcc/avr/5.4.0/avr25\libgcc.a(_exit.o)
 .text          0x00000000        0x0 d:/program files (x86)/atmel/studio/7.0/toolchain/avr8/avr8-gnu-toolchain/bin/../lib/gcc/avr/5.4.0/avr25\libgcc.a(_copy_data.o)
 .data          0x00000000        0x0 d:/program files (x86)/atmel/studio/7.0/toolchain/avr8/avr8-gnu-toolchain/bin/../lib/gcc/avr/5.4.0/avr25\libgcc.a(_copy_data.o)
 .bss           0x00000000        0x0 d:/program files (x86)/atmel/studio/7.0/toolchain/avr8/avr8-gnu-toolchain/bin/../lib/gcc/avr/5.4.0/avr25\libgcc.a(_copy_data.o)
 .text.libgcc.mul
                0x00000000        0x0 d:/program files (x86)/atmel/studio/7.0/toolchain/avr8/avr8-gnu-toolchain/bin/../lib/gcc/avr/5.4.0/avr25\libgcc.a(_copy_data.o)
 .text.libgcc.div
                0x00000000        0x0 d:/program files (x86)/atmel/studio/7.0/toolchain/avr8/avr8-gnu-toolchain/bin/../lib/gcc/avr/5.4.0/avr25\libgcc.a(_copy_data.o)
 .text.libgcc   0x00000000        0x0 d:/program files (x86)/atmel/studio/7.0/toolchain/avr8/avr8-gnu-toolchain/bin/../lib/gcc/avr/5.4.0/avr25\libgcc.a(_copy_data.o)
 .text.libgcc.prologue
                0x00000000        0x0 d:/program files (x86)/atmel/studio/7.0/toolchain/avr8/avr8-gnu-toolchain/bin/../lib/gcc/avr/5.4.0/avr25\libgcc.a(_copy_data.o)
 .text.libgcc.builtins
                0x00000000        0x0 d:/program files (x86)/atmel/studio/7.0/toolchain/avr8/avr8-gnu-toolchain/bin/../lib/gcc/avr/5.4.0/avr25\libgcc.a(_copy_data.o)
 .text.libgcc.fmul
                0x00000000        0x0 d:/program files (x86)/atmel/studio/7.0/toolchain/avr8/avr8-gnu-toolchain/bin/../lib/gcc/avr/5.4.0/avr25\libgcc.a(_copy_data.o)
 .text.libgcc.fixed
                0x00000000        0x0 d:/program files (x86)/atmel/studio/7.0/toolchain/avr8/avr8-gnu-toolchain/bin/../lib/gcc/avr/5.4.0/avr25\libgcc.a(_copy_data.o)
 .text          0x00000000        0x0 d:/program files (x86)/atmel/studio/7.0/toolchain/avr8/avr8-gnu-toolchain/bin/../lib/gcc/avr/5.4.0/avr25\libgcc.a(_clear_bss.o)
 .data          0x00000000        0x0 d:/program files (x86)/atmel/studio/7.0/toolchain/avr8/avr8-gnu-toolchain/bin/../lib/gcc/avr/5.4.0/avr25\libgcc.a(_clear_bss.o)
 .bss           0x00000000        0x0 d:/program files (x86)/atmel/studio/7.0/toolchain/avr8/avr8-gnu-toolchain/bin/../lib/gcc/avr/5.4.0/avr25\libgcc.a(_clear_bss.o)
 .text.libgcc.mul
                0x00000000        0x0 d:/program files (x86)/atmel/studio/7.0/toolchain/avr8/avr8-gnu-toolchain/bin/../lib/gcc/avr/5.4.0/avr25\libgcc.a(_clear_bss.o)
 .text.libgcc.div
                0x00000000        0x0 d:/program files (x86)/atmel/studio/7.0/toolchain/avr8/avr8-gnu-toolchain/bin/../lib/gcc/avr/5.4.0/avr25\libgcc.a(_clear_bss.o)
 .text.libgcc   0x00000000        0x0 d:/program files (x86)/atmel/studio/7.0/toolchain/avr8/avr8-gnu-toolchain/bin/../lib/gcc/avr/5.4.0/avr25\libgcc.a(_clear_bss.o)
 .text.libgcc.prologue
                0x00000000        0x0 d:/program files (x86)/atmel/studio/7.0/toolchain/avr8/avr8-gnu-toolchain/bin/../lib/gcc/avr/5.4.0/avr25\libgcc.a(_clear_bss.o)
 .text.libgcc.builtins
                0x00000000        0x0 d:/program files (x86)/atmel/studio/7.0/toolchain/avr8/avr8-gnu-toolchain/bin/../lib/gcc/avr/5.4.0/avr25\libgcc.a(_clear_bss.o)
 .text.libgcc.fmul
                0x00000000        0x0 d:/program files (x86)/atmel/studio/7.0/toolchain/avr8/avr8-gnu-toolchain/bin/../lib/gcc/avr/5.4.0/avr25\libgcc.a(_clear_bss.o)
 .text.libgcc.fixed
                0x00000000        0x0 d:/program files (x86)/atmel/studio/7.0/toolchain/avr8/avr8-gnu-toolchain/bin/../lib/gcc/avr/5.4.0/avr25\libgcc.a(_clear_bss.o)

Memory Configuration

Name             Origin             Length             Attributes
text             0x00000000         0x00002000         xr
data             0x00800060         0x0000ffa0         rw !x
eeprom           0x00810000         0x00010000         rw !x
fuse             0x00820000         0x00000003         rw !x
lock             0x00830000         0x00000400         rw !x
signature        0x00840000         0x00000400         rw !x
user_signatures  0x00850000         0x00000400         rw !x
*default*        0x00000000         0xffffffff

Linker script and memory map

LOAD d:/program files (x86)/atmel/studio/7.0/toolchain/avr8/avr8-gnu-toolchain/bin/../lib/gcc/avr/5.4.0/../../../../avr/lib/avr25/crtattiny85.o
LOAD device/osccal.o
LOAD Functions.o
LOAD main.o
LOAD Ascii2scancode.o
LOAD usbkeyboard.o
LOAD usbdrv/oddebug.o
LOAD usbdrv/usbdrv.o
LOAD usbdrv/usbdrvasm.o
START GROUP
LOAD d:/program files (x86)/atmel/studio/7.0/toolchain/avr8/avr8-gnu-toolchain/bin/../lib/gcc/avr/5.4.0/../../../../avr/lib/avr25\libm.a
END GROUP
START GROUP
LOAD d:/program files (x86)/atmel/studio/7.0/toolchain/avr8/avr8-gnu-toolchain/bin/../lib/gcc/avr/5.4.0/avr25\libgcc.a
LOAD d:/program files (x86)/atmel/studio/7.0/toolchain/avr8/avr8-gnu-toolchain/bin/../lib/gcc/avr/5.4.0/../../../../avr/lib/avr25\libm.a
LOAD d:/program files (x86)/atmel/studio/7.0/toolchain/avr8/avr8-gnu-toolchain/bin/../lib/gcc/avr/5.4.0/../../../../avr/lib/avr25\libc.a
LOAD d:/program files (x86)/atmel/studio/7.0/toolchain/avr8/avr8-gnu-toolchain/bin/../lib/gcc/avr/5.4.0/../../../../avr/lib/avr25\libattiny85.a
END GROUP
                0x00002000                __TEXT_REGION_LENGTH__ = DEFINED (__TEXT_REGION_LENGTH__)?__TEXT_REGION_LENGTH__:0x2000
                0x0000ffa0                __DATA_REGION_LENGTH__ = DEFINED (__DATA_REGION_LENGTH__)?__DATA_REGION_LENGTH__:0xffa0
                0x00010000                __EEPROM_REGION_LENGTH__ = DEFINED (__EEPROM_REGION_LENGTH__)?__EEPROM_REGION_LENGTH__:0x10000
                [0x00000003]                __FUSE_REGION_LENGTH__ = DEFINED (__FUSE_REGION_LENGTH__)?__FUSE_REGION_LENGTH__:0x400
                0x00000400                __LOCK_REGION_LENGTH__ = DEFINED (__LOCK_REGION_LENGTH__)?__LOCK_REGION_LENGTH__:0x400
                0x00000400                __SIGNATURE_REGION_LENGTH__ = DEFINED (__SIGNATURE_REGION_LENGTH__)?__SIGNATURE_REGION_LENGTH__:0x400
                0x00000400                __USER_SIGNATURE_REGION_LENGTH__ = DEFINED (__USER_SIGNATURE_REGION_LENGTH__)?__USER_SIGNATURE_REGION_LENGTH__:0x400

.hash
 *(.hash)

.dynsym
 *(.dynsym)

.dynstr
 *(.dynstr)

.gnu.version
 *(.gnu.version)

.gnu.version_d
 *(.gnu.version_d)

.gnu.version_r
 *(.gnu.version_r)

.rel.init
 *(.rel.init)

.rela.init
 *(.rela.init)

.rel.text
 *(.rel.text)
 *(.rel.text.*)
 *(.rel.gnu.linkonce.t*)

.rela.text
 *(.rela.text)
 *(.rela.text.*)
 *(.rela.gnu.linkonce.t*)

.rel.fini
 *(.rel.fini)

.rela.fini
 *(.rela.fini)

.rel.rodata
 *(.rel.rodata)
 *(.rel.rodata.*)
 *(.rel.gnu.linkonce.r*)

.rela.rodata
 *(.rela.rodata)
 *(.rela.rodata.*)
 *(.rela.gnu.linkonce.r*)

.rel.data
 *(.rel.data)
 *(.rel.data.*)
 *(.rel.gnu.linkonce.d*)

.rela.data
 *(.rela.data)
 *(.rela.data.*)
 *(.rela.gnu.linkonce.d*)

.rel.ctors
 *(.rel.ctors)

.rela.ctors
 *(.rela.ctors)

.rel.dtors
 *(.rel.dtors)

.rela.dtors
 *(.rela.dtors)

.rel.got
 *(.rel.got)

.rela.got
 *(.rela.got)

.rel.bss
 *(.rel.bss)

.rela.bss
 *(.rela.bss)

.rel.plt
 *(.rel.plt)

.rela.plt
 *(.rela.plt)

.text           0x00000000      0xa56
 *(.vectors)
 .vectors       0x00000000       0x1e d:/program files (x86)/atmel/studio/7.0/toolchain/avr8/avr8-gnu-toolchain/bin/../lib/gcc/avr/5.4.0/../../../../avr/lib/avr25/crtattiny85.o
                0x00000000                __vector_default
                0x00000000                __vectors
 *(.vectors)
 *(.progmem.gcc*)
                0x0000001e                . = ALIGN (0x2)
                0x0000001e                __trampolines_start = .
 *(.trampolines)
 .trampolines   0x0000001e        0x0 linker stubs
 *(.trampolines*)
                0x0000001e                __trampolines_end = .
 *libprintf_flt.a:*(.progmem.data)
 *libc.a:*(.progmem.data)
 *(.progmem*)
 .progmem.data.words2
                0x0000001e        0xc Ascii2scancode.o
                0x0000001e                words2
 .progmem.data.usbDescriptorHidReport
                0x0000002a       0x3f usbkeyboard.o
                0x0000002a                usbDescriptorHidReport
 .progmem.data.usbDescriptorConfiguration
                0x00000069       0x22 usbdrv/usbdrv.o
                0x00000069                usbDescriptorConfiguration
 .progmem.data.usbDescriptorDevice
                0x0000008b       0x12 usbdrv/usbdrv.o
                0x0000008b                usbDescriptorDevice
 .progmem.data.usbDescriptorStringDevice
                0x0000009d       0x14 usbdrv/usbdrv.o
                0x0000009d                usbDescriptorStringDevice
 .progmem.data.usbDescriptorStringVendor
                0x000000b1       0x14 usbdrv/usbdrv.o
                0x000000b1                usbDescriptorStringVendor
 .progmem.data.usbDescriptorString0
                0x000000c5        0x4 usbdrv/usbdrv.o
                0x000000c5                usbDescriptorString0
                0x000000ca                . = ALIGN (0x2)
 *fill*         0x000000c9        0x1 
 *(.jumptables)
 *(.jumptables*)
 *(.lowtext)
 *(.lowtext*)
                0x000000ca                __ctors_start = .
 *(.ctors)
                0x000000ca                __ctors_end = .
                0x000000ca                __dtors_start = .
 *(.dtors)
                0x000000ca                __dtors_end = .
 SORT(*)(.ctors)
 SORT(*)(.dtors)
 *(.init0)
 .init0         0x000000ca        0x0 d:/program files (x86)/atmel/studio/7.0/toolchain/avr8/avr8-gnu-toolchain/bin/../lib/gcc/avr/5.4.0/../../../../avr/lib/avr25/crtattiny85.o
                0x000000ca                __init
 *(.init0)
 *(.init1)
 *(.init1)
 *(.init2)
 .init2         0x000000ca        0xc d:/program files (x86)/atmel/studio/7.0/toolchain/avr8/avr8-gnu-toolchain/bin/../lib/gcc/avr/5.4.0/../../../../avr/lib/avr25/crtattiny85.o
 *(.init2)
 *(.init3)
 *(.init3)
 *(.init4)
 .init4         0x000000d6       0x16 d:/program files (x86)/atmel/studio/7.0/toolchain/avr8/avr8-gnu-toolchain/bin/../lib/gcc/avr/5.4.0/avr25\libgcc.a(_copy_data.o)
                0x000000d6                __do_copy_data
 .init4         0x000000ec       0x10 d:/program files (x86)/atmel/studio/7.0/toolchain/avr8/avr8-gnu-toolchain/bin/../lib/gcc/avr/5.4.0/avr25\libgcc.a(_clear_bss.o)
                0x000000ec                __do_clear_bss
 *(.init4)
 *(.init5)
 *(.init5)
 *(.init6)
 *(.init6)
 *(.init7)
 *(.init7)
 *(.init8)
 *(.init8)
 *(.init9)
 .init9         0x000000fc        0x4 d:/program files (x86)/atmel/studio/7.0/toolchain/avr8/avr8-gnu-toolchain/bin/../lib/gcc/avr/5.4.0/../../../../avr/lib/avr25/crtattiny85.o
 *(.init9)
 *(.text)
 .text          0x00000100        0x2 d:/program files (x86)/atmel/studio/7.0/toolchain/avr8/avr8-gnu-toolchain/bin/../lib/gcc/avr/5.4.0/../../../../avr/lib/avr25/crtattiny85.o
                0x00000100                __vector_1
                0x00000100                __vector_12
                0x00000100                __bad_interrupt
                0x00000100                __vector_6
                0x00000100                __vector_3
                0x00000100                __vector_11
                0x00000100                __vector_13
                0x00000100                __vector_7
                0x00000100                __vector_5
                0x00000100                __vector_4
                0x00000100                __vector_9
                0x00000100                __vector_8
                0x00000100                __vector_14
                0x00000100                __vector_10
 .text          0x00000102      0x314 usbdrv/usbdrvasm.o
                0x00000102                usbCrc16
                0x0000012c                usbCrc16Append
                0x00000134                usbMeasureFrameLength
                0x0000015a                __vector_2
                0x00000416                . = ALIGN (0x2)
 *(.text.*)
 .text.calibrateOscillator
                0x00000416       0x8e device/osccal.o
                0x00000416                calibrateOscillator
 .text.releaseAll
                0x000004a4       0x16 Functions.o
                0x000004a4                releaseAll
 .text.main     0x000004ba       0x2a main.o
                0x000004ba                main
 .text.keyPrintChar2
                0x000004e4       0x2c Ascii2scancode.o
                0x000004e4                keyPrintChar2
 .text.keyPrintWord2
                0x00000510       0x28 Ascii2scancode.o
                0x00000510                keyPrintWord2
 .text.vusb_transfer_keyboard
                0x00000538       0x48 usbkeyboard.o
 .text.usb_init
                0x00000580       0x1c usbkeyboard.o
                0x00000580                usb_init
 .text.usb_keyboard_send
                0x0000059c      0x106 usbkeyboard.o
                0x0000059c                usb_keyboard_send
 .text.usbFunctionSetup
                0x000006a2       0x80 usbkeyboard.o
                0x000006a2                usbFunctionSetup
 .text.usbFunctionWrite
                0x00000722       0x30 usbkeyboard.o
                0x00000722                usbFunctionWrite
 .text.usbSetInterrupt
                0x00000752       0x44 usbdrv/usbdrv.o
                0x00000752                usbSetInterrupt
 .text.usbPoll  0x00000796      0x2a6 usbdrv/usbdrv.o
                0x00000796                usbPoll
 .text.usbInit  0x00000a3c       0x16 usbdrv/usbdrv.o
                0x00000a3c                usbInit
                0x00000a52                . = ALIGN (0x2)
 *(.fini9)
 .fini9         0x00000a52        0x0 d:/program files (x86)/atmel/studio/7.0/toolchain/avr8/avr8-gnu-toolchain/bin/../lib/gcc/avr/5.4.0/avr25\libgcc.a(_exit.o)
                0x00000a52                _exit
                0x00000a52                exit
 *(.fini9)
 *(.fini8)
 *(.fini8)
 *(.fini7)
 *(.fini7)
 *(.fini6)
 *(.fini6)
 *(.fini5)
 *(.fini5)
 *(.fini4)
 *(.fini4)
 *(.fini3)
 *(.fini3)
 *(.fini2)
 *(.fini2)
 *(.fini1)
 *(.fini1)
 *(.fini0)
 .fini0         0x00000a52        0x4 d:/program files (x86)/atmel/studio/7.0/toolchain/avr8/avr8-gnu-toolchain/bin/../lib/gcc/avr/5.4.0/avr25\libgcc.a(_exit.o)
 *(.fini0)
                0x00000a56                _etext = .

.data           0x00800060        0x2 load address 0x00000a56
                0x00800060                PROVIDE (__data_start, .)
 *(.data)
 *(.data*)
 .data.usbMsgLen
                0x00800060        0x1 usbdrv/usbdrv.o
 .data.usbTxLen
                0x00800061        0x1 usbdrv/usbdrv.o
                0x00800061                usbTxLen
 *(.rodata)
 *(.rodata*)
 *(.gnu.linkonce.d*)
                0x00800062                . = ALIGN (0x2)
                0x00800062                _edata = .
                0x00800062                PROVIDE (__data_end, .)

.bss            0x00800062       0xce
                0x00800062                PROVIDE (__bss_start, .)
 *(.bss)
 *(.bss*)
 .bss.last_req  0x00800062        0x3 usbkeyboard.o
 .bss.vusb_idle_rate
                0x00800065        0x1 usbkeyboard.o
 .bss.kbuf_tail
                0x00800066        0x1 usbkeyboard.o
 .bss.kbuf_head
                0x00800067        0x1 usbkeyboard.o
 .bss.kbuf      0x00800068       0x80 usbkeyboard.o
 .bss.keyboard_leds
                0x008000e8        0x1 usbkeyboard.o
                0x008000e8                keyboard_leds
 .bss.keyboard_keys
                0x008000e9        0x6 usbkeyboard.o
                0x008000e9                keyboard_keys
 .bss.keyboard_modifier_keys
                0x008000ef        0x1 usbkeyboard.o
                0x008000ef                keyboard_modifier_keys
 .bss.keyboard_report
                0x008000f0        0x8 usbkeyboard.o
 .bss.wasReset.1895
                0x008000f8        0x1 usbdrv/usbdrv.o
 .bss.usbMsgFlags
                0x008000f9        0x1 usbdrv/usbdrv.o
 *(COMMON)
 COMMON         0x008000fa       0x36 usbdrv/usbdrv.o
                0x008000fa                usbTxBuf
                0x00800105                usbTxStatus1
                0x00800111                usbDeviceAddr
                0x00800112                usbRxToken
                0x00800113                usbInputBufOffset
                0x00800114                usbMsgPtr
                0x00800116                usbRxLen
                0x00800117                usbNewDeviceAddr
                0x00800118                usbCurrentTok
                0x00800119                usbConfiguration
                0x0080011a                usbRxBuf
                0x00800130                PROVIDE (__bss_end, .)
                0x00000a56                __data_load_start = LOADADDR (.data)
                0x00000a58                __data_load_end = (__data_load_start + SIZEOF (.data))

.noinit         0x00800130        0x0
                [!provide]                PROVIDE (__noinit_start, .)
 *(.noinit*)
                [!provide]                PROVIDE (__noinit_end, .)
                0x00800130                _end = .
                [!provide]                PROVIDE (__heap_start, .)

.eeprom         0x00810000        0x0
 *(.eeprom*)
                0x00810000                __eeprom_end = .

.fuse
 *(.fuse)
 *(.lfuse)
 *(.hfuse)
 *(.efuse)

.lock
 *(.lock*)

.signature
 *(.signature*)

.user_signatures
 *(.user_signatures*)

.stab
 *(.stab)

.stabstr
 *(.stabstr)

.stab.excl
 *(.stab.excl)

.stab.exclstr
 *(.stab.exclstr)

.stab.index
 *(.stab.index)

.stab.indexstr
 *(.stab.indexstr)

.comment        0x00000000       0x30
 *(.comment)
 .comment       0x00000000       0x30 device/osccal.o
                                 0x31 (size before relaxing)
 .comment       0x00000030       0x31 Functions.o
 .comment       0x00000030       0x31 main.o
 .comment       0x00000030       0x31 Ascii2scancode.o
 .comment       0x00000030       0x31 usbkeyboard.o
 .comment       0x00000030       0x31 usbdrv/usbdrv.o

.note.gnu.avr.deviceinfo
                0x00000000       0x3c
 .note.gnu.avr.deviceinfo
                0x00000000       0x3c d:/program files (x86)/atmel/studio/7.0/toolchain/avr8/avr8-gnu-toolchain/bin/../lib/gcc/avr/5.4.0/../../../../avr/lib/avr25/crtattiny85.o

.note.gnu.build-id
 *(.note.gnu.build-id)

.debug
 *(.debug)

.line
 *(.line)

.debug_srcinfo
 *(.debug_srcinfo)

.debug_sfnames
 *(.debug_sfnames)

.debug_aranges  0x00000000      0x160
 *(.debug_aranges)
 .debug_aranges
                0x00000000       0x20 device/osccal.o
 .debug_aranges
                0x00000020       0x58 Functions.o
 .debug_aranges
                0x00000078       0x20 main.o
 .debug_aranges
                0x00000098       0x38 Ascii2scancode.o
 .debug_aranges
                0x000000d0       0x40 usbkeyboard.o
 .debug_aranges
                0x00000110       0x30 usbdrv/usbdrv.o
 .debug_aranges
                0x00000140       0x20 usbdrv/usbdrvasm.o

.debug_pubnames
 *(.debug_pubnames)

.debug_info     0x00000000     0x1b1e
 *(.debug_info .gnu.linkonce.wi.*)
 .debug_info    0x00000000      0x420 d:/program files (x86)/atmel/studio/7.0/toolchain/avr8/avr8-gnu-toolchain/bin/../lib/gcc/avr/5.4.0/../../../../avr/lib/avr25/crtattiny85.o
 .debug_info    0x00000420      0x105 device/osccal.o
 .debug_info    0x00000525      0x242 Functions.o
 .debug_info    0x00000767      0x174 main.o
 .debug_info    0x000008db      0x2d9 Ascii2scancode.o
 .debug_info    0x00000bb4      0x535 usbkeyboard.o
 .debug_info    0x000010e9      0x9a3 usbdrv/usbdrv.o
 .debug_info    0x00001a8c       0x92 usbdrv/usbdrvasm.o

.debug_abbrev   0x00000000      0xd43
 *(.debug_abbrev)
 .debug_abbrev  0x00000000      0x3e8 d:/program files (x86)/atmel/studio/7.0/toolchain/avr8/avr8-gnu-toolchain/bin/../lib/gcc/avr/5.4.0/../../../../avr/lib/avr25/crtattiny85.o
 .debug_abbrev  0x000003e8       0x9d device/osccal.o
 .debug_abbrev  0x00000485       0xf5 Functions.o
 .debug_abbrev  0x0000057a       0xf8 main.o
 .debug_abbrev  0x00000672      0x120 Ascii2scancode.o
 .debug_abbrev  0x00000792      0x280 usbkeyboard.o
 .debug_abbrev  0x00000a12      0x31d usbdrv/usbdrv.o
 .debug_abbrev  0x00000d2f       0x14 usbdrv/usbdrvasm.o

.debug_line     0x00000000     0x17ab
 *(.debug_line .debug_line.* .debug_line_end)
 .debug_line    0x00000000       0x1a d:/program files (x86)/atmel/studio/7.0/toolchain/avr8/avr8-gnu-toolchain/bin/../lib/gcc/avr/5.4.0/../../../../avr/lib/avr25/crtattiny85.o
 .debug_line    0x0000001a      0x12c device/osccal.o
 .debug_line    0x00000146      0x37e Functions.o
 .debug_line    0x000004c4      0x146 main.o
 .debug_line    0x0000060a      0x191 Ascii2scancode.o
 .debug_line    0x0000079b      0x32a usbkeyboard.o
 .debug_line    0x00000ac5      0x3d4 usbdrv/usbdrv.o
 .debug_line    0x00000e99      0x912 usbdrv/usbdrvasm.o

.debug_frame    0x00000000      0x250
 *(.debug_frame)
 .debug_frame   0x00000000       0x48 device/osccal.o
 .debug_frame   0x00000048       0x94 Functions.o
 .debug_frame   0x000000dc       0x24 main.o
 .debug_frame   0x00000100       0x8c Ascii2scancode.o
 .debug_frame   0x0000018c       0x6c usbkeyboard.o
 .debug_frame   0x000001f8       0x58 usbdrv/usbdrv.o

.debug_str      0x00000000      0x8fa
 *(.debug_str)
 .debug_str     0x00000000      0x169 d:/program files (x86)/atmel/studio/7.0/toolchain/avr8/avr8-gnu-toolchain/bin/../lib/gcc/avr/5.4.0/../../../../avr/lib/avr25/crtattiny85.o
 .debug_str     0x00000169      0x1b7 device/osccal.o
                                0x1eb (size before relaxing)
 .debug_str     0x00000320       0xb0 Functions.o
                                0x22a (size before relaxing)
 .debug_str     0x000003d0       0x73 main.o
                                0x1e5 (size before relaxing)
 .debug_str     0x00000443       0x95 Ascii2scancode.o
                                0x252 (size before relaxing)
 .debug_str     0x000004d8      0x1c0 usbkeyboard.o
                                0x3fb (size before relaxing)
 .debug_str     0x00000698      0x262 usbdrv/usbdrv.o
                                0x524 (size before relaxing)

.debug_loc      0x00000000     0x1323
 *(.debug_loc)
 .debug_loc     0x00000000      0x14e device/osccal.o
 .debug_loc     0x0000014e      0x3b9 Functions.o
 .debug_loc     0x00000507       0x48 main.o
 .debug_loc     0x0000054f      0x242 Ascii2scancode.o
 .debug_loc     0x00000791      0x26b usbkeyboard.o
 .debug_loc     0x000009fc      0x927 usbdrv/usbdrv.o

.debug_macinfo
 *(.debug_macinfo)

.debug_weaknames
 *(.debug_weaknames)

.debug_funcnames
 *(.debug_funcnames)

.debug_typenames
 *(.debug_typenames)

.debug_varnames
 *(.debug_varnames)

.debug_pubtypes
 *(.debug_pubtypes)

.debug_ranges   0x00000000      0x178
 *(.debug_ranges)
 .debug_ranges  0x00000000       0x10 device/osccal.o
 .debug_ranges  0x00000010       0x48 Functions.o
 .debug_ranges  0x00000058       0x10 main.o
 .debug_ranges  0x00000068       0x28 Ascii2scancode.o
 .debug_ranges  0x00000090       0x30 usbkeyboard.o
 .debug_ranges  0x000000c0       0xb8 usbdrv/usbdrv.o

.debug_macro
 *(.debug_macro)
OUTPUT(Attiny85_Test1.elf elf32-avr)
LOAD linker stubs
