Archive member included to satisfy reference by file (symbol)

d:/program files (x86)/atmel/studio/7.0/toolchain/avr8/avr8-gnu-toolchain/bin/../lib/gcc/avr/5.4.0/avr25\libgcc.a(_exit.o)
                              d:/program files (x86)/atmel/studio/7.0/toolchain/avr8/avr8-gnu-toolchain/bin/../lib/gcc/avr/5.4.0/../../../../avr/lib/avr25/crtattiny85.o (exit)
d:/program files (x86)/atmel/studio/7.0/toolchain/avr8/avr8-gnu-toolchain/bin/../lib/gcc/avr/5.4.0/avr25\libgcc.a(_copy_data.o)
                              usbdrv/usbdrv.o (__do_copy_data)
d:/program files (x86)/atmel/studio/7.0/toolchain/avr8/avr8-gnu-toolchain/bin/../lib/gcc/avr/5.4.0/avr25\libgcc.a(_clear_bss.o)
                              6keys/usbkeyboard.o (__do_clear_bss)

Allocating common symbols
Common symbol       size              file

usbTxBuf            0xb               usbdrv/usbdrv.o
usbTxStatus1        0xc               usbdrv/usbdrv.o
usbDeviceAddr       0x1               usbdrv/usbdrv.o
usbRxToken          0x1               usbdrv/usbdrv.o
usbInputBufOffset   0x1               usbdrv/usbdrv.o
usbMsgPtr           0x2               usbdrv/usbdrv.o
usbRxLen            0x1               usbdrv/usbdrv.o
usbNewDeviceAddr    0x1               usbdrv/usbdrv.o
usbCurrentTok       0x1               usbdrv/usbdrv.o
usbConfiguration    0x1               usbdrv/usbdrv.o
usbRxBuf            0x16              usbdrv/usbdrv.o

Discarded input sections

 .data          0x00000000        0x0 d:/program files (x86)/atmel/studio/7.0/toolchain/avr8/avr8-gnu-toolchain/bin/../lib/gcc/avr/5.4.0/../../../../avr/lib/avr25/crtattiny85.o
 .bss           0x00000000        0x0 d:/program files (x86)/atmel/studio/7.0/toolchain/avr8/avr8-gnu-toolchain/bin/../lib/gcc/avr/5.4.0/../../../../avr/lib/avr25/crtattiny85.o
 .text          0x00000000        0x0 1key/TypeCode.o
 .data          0x00000000        0x0 1key/TypeCode.o
 .bss           0x00000000        0x0 1key/TypeCode.o
 .debug_info    0x00000000       0x5d 1key/TypeCode.o
 .debug_abbrev  0x00000000       0x26 1key/TypeCode.o
 .debug_aranges
                0x00000000       0x18 1key/TypeCode.o
 .debug_line    0x00000000       0x1a 1key/TypeCode.o
 .debug_str     0x00000000      0x185 1key/TypeCode.o
 .comment       0x00000000       0x31 1key/TypeCode.o
 .text          0x00000000        0x0 1key/usbkeyboard2.o
 .data          0x00000000        0x0 1key/usbkeyboard2.o
 .bss           0x00000000        0x0 1key/usbkeyboard2.o
 .debug_info    0x00000000       0x5d 1key/usbkeyboard2.o
 .debug_abbrev  0x00000000       0x26 1key/usbkeyboard2.o
 .debug_aranges
                0x00000000       0x18 1key/usbkeyboard2.o
 .debug_line    0x00000000       0x1a 1key/usbkeyboard2.o
 .debug_str     0x00000000      0x189 1key/usbkeyboard2.o
 .comment       0x00000000       0x31 1key/usbkeyboard2.o
 .text          0x00000000        0x0 6keys/Functions.o
 .data          0x00000000        0x0 6keys/Functions.o
 .bss           0x00000000        0x0 6keys/Functions.o
 .text.releasekey
                0x00000000       0x28 6keys/Functions.o
 .text.presskey
                0x00000000       0x3a 6keys/Functions.o
 .text.pressModifierKeys
                0x00000000        0xc 6keys/Functions.o
 .text.releaseModifierKeys
                0x00000000        0xe 6keys/Functions.o
 .text.pinMode  0x00000000       0x64 6keys/Functions.o
 .progmem.gcc_sw_table.pinMode
                0x00000000        0xe 6keys/Functions.o
 .text.digitalWrite
                0x00000000       0x64 6keys/Functions.o
 .progmem.gcc_sw_table.digitalWrite
                0x00000000        0xe 6keys/Functions.o
 .text.digitalRead
                0x00000000       0x32 6keys/Functions.o
 .progmem.gcc_sw_table.digitalRead
                0x00000000        0xe 6keys/Functions.o
 .text.keyPrintWord
                0x00000000       0x5e 6keys/Functions.o
 .progmem.data.ascii_to_scan_code_table
                0x00000000       0x7f 6keys/Functions.o
 .avr.prop      0x00000000       0x3a 6keys/Functions.o
 .text          0x00000000        0x0 6keys/TypeCode.o
 .data          0x00000000        0x0 6keys/TypeCode.o
 .bss           0x00000000        0x0 6keys/TypeCode.o
 .text          0x00000000        0x0 6keys/usbkeyboard.o
 .data          0x00000000        0x0 6keys/usbkeyboard.o
 .bss           0x00000000        0x0 6keys/usbkeyboard.o
 .progmem.data.usbHidReportDescriptor
                0x00000000       0x3f 6keys/usbkeyboard.o
 .text          0x00000000        0x0 main.o
 .data          0x00000000        0x0 main.o
 .bss           0x00000000        0x0 main.o
 .text          0x00000000        0x0 usbdrv/oddebug.o
 .data          0x00000000        0x0 usbdrv/oddebug.o
 .bss           0x00000000        0x0 usbdrv/oddebug.o
 .debug_info    0x00000000       0x56 usbdrv/oddebug.o
 .debug_abbrev  0x00000000       0x26 usbdrv/oddebug.o
 .debug_aranges
                0x00000000       0x18 usbdrv/oddebug.o
 .debug_line    0x00000000       0x1a usbdrv/oddebug.o
 .debug_str     0x00000000      0x17d usbdrv/oddebug.o
 .comment       0x00000000       0x31 usbdrv/oddebug.o
 .text          0x00000000        0x0 usbdrv/usbdrv.o
 .data          0x00000000        0x0 usbdrv/usbdrv.o
 .bss           0x00000000        0x0 usbdrv/usbdrv.o
 .data          0x00000000        0x0 usbdrv/usbdrvasm.o
 .bss           0x00000000        0x0 usbdrv/usbdrvasm.o
 .text          0x00000000        0x0 d:/program files (x86)/atmel/studio/7.0/toolchain/avr8/avr8-gnu-toolchain/bin/../lib/gcc/avr/5.4.0/avr25\libgcc.a(_exit.o)
 .data          0x00000000        0x0 d:/program files (x86)/atmel/studio/7.0/toolchain/avr8/avr8-gnu-toolchain/bin/../lib/gcc/avr/5.4.0/avr25\libgcc.a(_exit.o)
 .bss           0x00000000        0x0 d:/program files (x86)/atmel/studio/7.0/toolchain/avr8/avr8-gnu-toolchain/bin/../lib/gcc/avr/5.4.0/avr25\libgcc.a(_exit.o)
 .text.libgcc.mul
                0x00000000        0x0 d:/program files (x86)/atmel/studio/7.0/toolchain/avr8/avr8-gnu-toolchain/bin/../lib/gcc/avr/5.4.0/avr25\libgcc.a(_exit.o)
 .text.libgcc.div
                0x00000000        0x0 d:/program files (x86)/atmel/studio/7.0/toolchain/avr8/avr8-gnu-toolchain/bin/../lib/gcc/avr/5.4.0/avr25\libgcc.a(_exit.o)
 .text.libgcc   0x00000000        0x0 d:/program files (x86)/atmel/studio/7.0/toolchain/avr8/avr8-gnu-toolchain/bin/../lib/gcc/avr/5.4.0/avr25\libgcc.a(_exit.o)
 .text.libgcc.prologue
                0x00000000        0x0 d:/program files (x86)/atmel/studio/7.0/toolchain/avr8/avr8-gnu-toolchain/bin/../lib/gcc/avr/5.4.0/avr25\libgcc.a(_exit.o)
 .text.libgcc.builtins
                0x00000000        0x0 d:/program files (x86)/atmel/studio/7.0/toolchain/avr8/avr8-gnu-toolchain/bin/../lib/gcc/avr/5.4.0/avr25\libgcc.a(_exit.o)
 .text.libgcc.fmul
                0x00000000        0x0 d:/program files (x86)/atmel/studio/7.0/toolchain/avr8/avr8-gnu-toolchain/bin/../lib/gcc/avr/5.4.0/avr25\libgcc.a(_exit.o)
 .text.libgcc.fixed
                0x00000000        0x0 d:/program files (x86)/atmel/studio/7.0/toolchain/avr8/avr8-gnu-toolchain/bin/../lib/gcc/avr/5.4.0/avr25\libgcc.a(_exit.o)
 .text          0x00000000        0x0 d:/program files (x86)/atmel/studio/7.0/toolchain/avr8/avr8-gnu-toolchain/bin/../lib/gcc/avr/5.4.0/avr25\libgcc.a(_copy_data.o)
 .data          0x00000000        0x0 d:/program files (x86)/atmel/studio/7.0/toolchain/avr8/avr8-gnu-toolchain/bin/../lib/gcc/avr/5.4.0/avr25\libgcc.a(_copy_data.o)
 .bss           0x00000000        0x0 d:/program files (x86)/atmel/studio/7.0/toolchain/avr8/avr8-gnu-toolchain/bin/../lib/gcc/avr/5.4.0/avr25\libgcc.a(_copy_data.o)
 .text.libgcc.mul
                0x00000000        0x0 d:/program files (x86)/atmel/studio/7.0/toolchain/avr8/avr8-gnu-toolchain/bin/../lib/gcc/avr/5.4.0/avr25\libgcc.a(_copy_data.o)
 .text.libgcc.div
                0x00000000        0x0 d:/program files (x86)/atmel/studio/7.0/toolchain/avr8/avr8-gnu-toolchain/bin/../lib/gcc/avr/5.4.0/avr25\libgcc.a(_copy_data.o)
 .text.libgcc   0x00000000        0x0 d:/program files (x86)/atmel/studio/7.0/toolchain/avr8/avr8-gnu-toolchain/bin/../lib/gcc/avr/5.4.0/avr25\libgcc.a(_copy_data.o)
 .text.libgcc.prologue
                0x00000000        0x0 d:/program files (x86)/atmel/studio/7.0/toolchain/avr8/avr8-gnu-toolchain/bin/../lib/gcc/avr/5.4.0/avr25\libgcc.a(_copy_data.o)
 .text.libgcc.builtins
                0x00000000        0x0 d:/program files (x86)/atmel/studio/7.0/toolchain/avr8/avr8-gnu-toolchain/bin/../lib/gcc/avr/5.4.0/avr25\libgcc.a(_copy_data.o)
 .text.libgcc.fmul
                0x00000000        0x0 d:/program files (x86)/atmel/studio/7.0/toolchain/avr8/avr8-gnu-toolchain/bin/../lib/gcc/avr/5.4.0/avr25\libgcc.a(_copy_data.o)
 .text.libgcc.fixed
                0x00000000        0x0 d:/program files (x86)/atmel/studio/7.0/toolchain/avr8/avr8-gnu-toolchain/bin/../lib/gcc/avr/5.4.0/avr25\libgcc.a(_copy_data.o)
 .text          0x00000000        0x0 d:/program files (x86)/atmel/studio/7.0/toolchain/avr8/avr8-gnu-toolchain/bin/../lib/gcc/avr/5.4.0/avr25\libgcc.a(_clear_bss.o)
 .data          0x00000000        0x0 d:/program files (x86)/atmel/studio/7.0/toolchain/avr8/avr8-gnu-toolchain/bin/../lib/gcc/avr/5.4.0/avr25\libgcc.a(_clear_bss.o)
 .bss           0x00000000        0x0 d:/program files (x86)/atmel/studio/7.0/toolchain/avr8/avr8-gnu-toolchain/bin/../lib/gcc/avr/5.4.0/avr25\libgcc.a(_clear_bss.o)
 .text.libgcc.mul
                0x00000000        0x0 d:/program files (x86)/atmel/studio/7.0/toolchain/avr8/avr8-gnu-toolchain/bin/../lib/gcc/avr/5.4.0/avr25\libgcc.a(_clear_bss.o)
 .text.libgcc.div
                0x00000000        0x0 d:/program files (x86)/atmel/studio/7.0/toolchain/avr8/avr8-gnu-toolchain/bin/../lib/gcc/avr/5.4.0/avr25\libgcc.a(_clear_bss.o)
 .text.libgcc   0x00000000        0x0 d:/program files (x86)/atmel/studio/7.0/toolchain/avr8/avr8-gnu-toolchain/bin/../lib/gcc/avr/5.4.0/avr25\libgcc.a(_clear_bss.o)
 .text.libgcc.prologue
                0x00000000        0x0 d:/program files (x86)/atmel/studio/7.0/toolchain/avr8/avr8-gnu-toolchain/bin/../lib/gcc/avr/5.4.0/avr25\libgcc.a(_clear_bss.o)
 .text.libgcc.builtins
                0x00000000        0x0 d:/program files (x86)/atmel/studio/7.0/toolchain/avr8/avr8-gnu-toolchain/bin/../lib/gcc/avr/5.4.0/avr25\libgcc.a(_clear_bss.o)
 .text.libgcc.fmul
                0x00000000        0x0 d:/program files (x86)/atmel/studio/7.0/toolchain/avr8/avr8-gnu-toolchain/bin/../lib/gcc/avr/5.4.0/avr25\libgcc.a(_clear_bss.o)
 .text.libgcc.fixed
                0x00000000        0x0 d:/program files (x86)/atmel/studio/7.0/toolchain/avr8/avr8-gnu-toolchain/bin/../lib/gcc/avr/5.4.0/avr25\libgcc.a(_clear_bss.o)

Memory Configuration

Name             Origin             Length             Attributes
text             0x00000000         0x00002000         xr
data             0x00800060         0x0000ffa0         rw !x
eeprom           0x00810000         0x00010000         rw !x
fuse             0x00820000         0x00000003         rw !x
lock             0x00830000         0x00000400         rw !x
signature        0x00840000         0x00000400         rw !x
user_signatures  0x00850000         0x00000400         rw !x
*default*        0x00000000         0xffffffff

Linker script and memory map

LOAD d:/program files (x86)/atmel/studio/7.0/toolchain/avr8/avr8-gnu-toolchain/bin/../lib/gcc/avr/5.4.0/../../../../avr/lib/avr25/crtattiny85.o
LOAD 1key/TypeCode.o
LOAD 1key/usbkeyboard2.o
LOAD 6keys/Functions.o
LOAD 6keys/TypeCode.o
LOAD 6keys/usbkeyboard.o
LOAD main.o
LOAD usbdrv/oddebug.o
LOAD usbdrv/usbdrv.o
LOAD usbdrv/usbdrvasm.o
START GROUP
LOAD d:/program files (x86)/atmel/studio/7.0/toolchain/avr8/avr8-gnu-toolchain/bin/../lib/gcc/avr/5.4.0/../../../../avr/lib/avr25\libm.a
END GROUP
START GROUP
LOAD d:/program files (x86)/atmel/studio/7.0/toolchain/avr8/avr8-gnu-toolchain/bin/../lib/gcc/avr/5.4.0/avr25\libgcc.a
LOAD d:/program files (x86)/atmel/studio/7.0/toolchain/avr8/avr8-gnu-toolchain/bin/../lib/gcc/avr/5.4.0/../../../../avr/lib/avr25\libm.a
LOAD d:/program files (x86)/atmel/studio/7.0/toolchain/avr8/avr8-gnu-toolchain/bin/../lib/gcc/avr/5.4.0/../../../../avr/lib/avr25\libc.a
LOAD d:/program files (x86)/atmel/studio/7.0/toolchain/avr8/avr8-gnu-toolchain/bin/../lib/gcc/avr/5.4.0/../../../../avr/lib/avr25\libattiny85.a
END GROUP
                0x00002000                __TEXT_REGION_LENGTH__ = DEFINED (__TEXT_REGION_LENGTH__)?__TEXT_REGION_LENGTH__:0x2000
                0x0000ffa0                __DATA_REGION_LENGTH__ = DEFINED (__DATA_REGION_LENGTH__)?__DATA_REGION_LENGTH__:0xffa0
                0x00010000                __EEPROM_REGION_LENGTH__ = DEFINED (__EEPROM_REGION_LENGTH__)?__EEPROM_REGION_LENGTH__:0x10000
                [0x00000003]                __FUSE_REGION_LENGTH__ = DEFINED (__FUSE_REGION_LENGTH__)?__FUSE_REGION_LENGTH__:0x400
                0x00000400                __LOCK_REGION_LENGTH__ = DEFINED (__LOCK_REGION_LENGTH__)?__LOCK_REGION_LENGTH__:0x400
                0x00000400                __SIGNATURE_REGION_LENGTH__ = DEFINED (__SIGNATURE_REGION_LENGTH__)?__SIGNATURE_REGION_LENGTH__:0x400
                0x00000400                __USER_SIGNATURE_REGION_LENGTH__ = DEFINED (__USER_SIGNATURE_REGION_LENGTH__)?__USER_SIGNATURE_REGION_LENGTH__:0x400

.hash
 *(.hash)

.dynsym
 *(.dynsym)

.dynstr
 *(.dynstr)

.gnu.version
 *(.gnu.version)

.gnu.version_d
 *(.gnu.version_d)

.gnu.version_r
 *(.gnu.version_r)

.rel.init
 *(.rel.init)

.rela.init
 *(.rela.init)

.rel.text
 *(.rel.text)
 *(.rel.text.*)
 *(.rel.gnu.linkonce.t*)

.rela.text
 *(.rela.text)
 *(.rela.text.*)
 *(.rela.gnu.linkonce.t*)

.rel.fini
 *(.rel.fini)

.rela.fini
 *(.rela.fini)

.rel.rodata
 *(.rel.rodata)
 *(.rel.rodata.*)
 *(.rel.gnu.linkonce.r*)

.rela.rodata
 *(.rela.rodata)
 *(.rela.rodata.*)
 *(.rela.gnu.linkonce.r*)

.rel.data
 *(.rel.data)
 *(.rel.data.*)
 *(.rel.gnu.linkonce.d*)

.rela.data
 *(.rela.data)
 *(.rela.data.*)
 *(.rela.gnu.linkonce.d*)

.rel.ctors
 *(.rel.ctors)

.rela.ctors
 *(.rela.ctors)

.rel.dtors
 *(.rel.dtors)

.rela.dtors
 *(.rela.dtors)

.rel.got
 *(.rel.got)

.rela.got
 *(.rela.got)

.rel.bss
 *(.rel.bss)

.rela.bss
 *(.rela.bss)

.rel.plt
 *(.rel.plt)

.rela.plt
 *(.rela.plt)

.text           0x00000000      0x914
 *(.vectors)
 .vectors       0x00000000       0x1e d:/program files (x86)/atmel/studio/7.0/toolchain/avr8/avr8-gnu-toolchain/bin/../lib/gcc/avr/5.4.0/../../../../avr/lib/avr25/crtattiny85.o
                0x00000000                __vector_default
                0x00000000                __vectors
 *(.vectors)
 *(.progmem.gcc*)
                0x0000001e                . = ALIGN (0x2)
                0x0000001e                __trampolines_start = .
 *(.trampolines)
 .trampolines   0x0000001e        0x0 linker stubs
 *(.trampolines*)
                0x0000001e                __trampolines_end = .
 *libprintf_flt.a:*(.progmem.data)
 *libc.a:*(.progmem.data)
 *(.progmem*)
 .progmem.data.words2
                0x0000001e        0xc 6keys/TypeCode.o
                0x0000001e                words2
 .progmem.data.usbDescriptorConfiguration
                0x0000002a       0x19 usbdrv/usbdrv.o
                0x0000002a                usbDescriptorConfiguration
 .progmem.data.usbDescriptorDevice
                0x00000043       0x12 usbdrv/usbdrv.o
                0x00000043                usbDescriptorDevice
 .progmem.data.usbDescriptorStringDevice
                0x00000055       0x14 usbdrv/usbdrv.o
                0x00000055                usbDescriptorStringDevice
 .progmem.data.usbDescriptorStringVendor
                0x00000069       0x14 usbdrv/usbdrv.o
                0x00000069                usbDescriptorStringVendor
 .progmem.data.usbDescriptorString0
                0x0000007d        0x4 usbdrv/usbdrv.o
                0x0000007d                usbDescriptorString0
                0x00000082                . = ALIGN (0x2)
 *fill*         0x00000081        0x1 
 *(.jumptables)
 *(.jumptables*)
 *(.lowtext)
 *(.lowtext*)
                0x00000082                __ctors_start = .
 *(.ctors)
                0x00000082                __ctors_end = .
                0x00000082                __dtors_start = .
 *(.dtors)
                0x00000082                __dtors_end = .
 SORT(*)(.ctors)
 SORT(*)(.dtors)
 *(.init0)
 .init0         0x00000082        0x0 d:/program files (x86)/atmel/studio/7.0/toolchain/avr8/avr8-gnu-toolchain/bin/../lib/gcc/avr/5.4.0/../../../../avr/lib/avr25/crtattiny85.o
                0x00000082                __init
 *(.init0)
 *(.init1)
 *(.init1)
 *(.init2)
 .init2         0x00000082        0xc d:/program files (x86)/atmel/studio/7.0/toolchain/avr8/avr8-gnu-toolchain/bin/../lib/gcc/avr/5.4.0/../../../../avr/lib/avr25/crtattiny85.o
 *(.init2)
 *(.init3)
 *(.init3)
 *(.init4)
 .init4         0x0000008e       0x16 d:/program files (x86)/atmel/studio/7.0/toolchain/avr8/avr8-gnu-toolchain/bin/../lib/gcc/avr/5.4.0/avr25\libgcc.a(_copy_data.o)
                0x0000008e                __do_copy_data
 .init4         0x000000a4       0x10 d:/program files (x86)/atmel/studio/7.0/toolchain/avr8/avr8-gnu-toolchain/bin/../lib/gcc/avr/5.4.0/avr25\libgcc.a(_clear_bss.o)
                0x000000a4                __do_clear_bss
 *(.init4)
 *(.init5)
 *(.init5)
 *(.init6)
 *(.init6)
 *(.init7)
 *(.init7)
 *(.init8)
 *(.init8)
 *(.init9)
 .init9         0x000000b4        0x4 d:/program files (x86)/atmel/studio/7.0/toolchain/avr8/avr8-gnu-toolchain/bin/../lib/gcc/avr/5.4.0/../../../../avr/lib/avr25/crtattiny85.o
 *(.init9)
 *(.text)
 .text          0x000000b8        0x2 d:/program files (x86)/atmel/studio/7.0/toolchain/avr8/avr8-gnu-toolchain/bin/../lib/gcc/avr/5.4.0/../../../../avr/lib/avr25/crtattiny85.o
                0x000000b8                __vector_1
                0x000000b8                __vector_12
                0x000000b8                __bad_interrupt
                0x000000b8                __vector_6
                0x000000b8                __vector_3
                0x000000b8                __vector_11
                0x000000b8                __vector_13
                0x000000b8                __vector_7
                0x000000b8                __vector_5
                0x000000b8                __vector_4
                0x000000b8                __vector_9
                0x000000b8                __vector_8
                0x000000b8                __vector_14
                0x000000b8                __vector_10
 .text          0x000000ba      0x2ee usbdrv/usbdrvasm.o
                0x000000ba                usbCrc16
                0x000000e4                usbCrc16Append
                0x000000ec                __vector_2
                0x000003a8                . = ALIGN (0x2)
 *(.text.*)
 .text.releaseAll
                0x000003a8       0x16 6keys/Functions.o
                0x000003a8                releaseAll
 .text.keyPrintWord2
                0x000003be       0x44 6keys/Functions.o
                0x000003be                keyPrintWord2
 .text.setup6keys
                0x00000402       0x74 6keys/Functions.o
                0x00000402                setup6keys
 .text.getwords2length
                0x00000476        0x6 6keys/TypeCode.o
                0x00000476                getwords2length
 .text.vusb_transfer_keyboard.part.0
                0x0000047c       0x32 6keys/usbkeyboard.o
 .text.send_keyboard.constprop.1
                0x000004ae       0x42 6keys/usbkeyboard.o
 .text.usb_init
                0x000004f0       0x1c 6keys/usbkeyboard.o
                0x000004f0                usb_init
 .text.usb_keyboard_send
                0x0000050c       0xae 6keys/usbkeyboard.o
                0x0000050c                usb_keyboard_send
 .text.usbFunctionSetup
                0x000005ba       0x72 6keys/usbkeyboard.o
                0x000005ba                usbFunctionSetup
 .text.usbFunctionWrite
                0x0000062c       0x2c 6keys/usbkeyboard.o
                0x0000062c                usbFunctionWrite
 .text.keyPrintChar2
                0x00000658       0x50 6keys/usbkeyboard.o
                0x00000658                keyPrintChar2
 .text.startup.main
                0x000006a8        0x2 main.o
                0x000006a8                main
 .text.usbSetInterrupt
                0x000006aa       0x44 usbdrv/usbdrv.o
                0x000006aa                usbSetInterrupt
 .text.usbPoll  0x000006ee      0x20c usbdrv/usbdrv.o
                0x000006ee                usbPoll
 .text.usbInit  0x000008fa       0x16 usbdrv/usbdrv.o
                0x000008fa                usbInit
                0x00000910                . = ALIGN (0x2)
 *(.fini9)
 .fini9         0x00000910        0x0 d:/program files (x86)/atmel/studio/7.0/toolchain/avr8/avr8-gnu-toolchain/bin/../lib/gcc/avr/5.4.0/avr25\libgcc.a(_exit.o)
                0x00000910                _exit
                0x00000910                exit
 *(.fini9)
 *(.fini8)
 *(.fini8)
 *(.fini7)
 *(.fini7)
 *(.fini6)
 *(.fini6)
 *(.fini5)
 *(.fini5)
 *(.fini4)
 *(.fini4)
 *(.fini3)
 *(.fini3)
 *(.fini2)
 *(.fini2)
 *(.fini1)
 *(.fini1)
 *(.fini0)
 .fini0         0x00000910        0x4 d:/program files (x86)/atmel/studio/7.0/toolchain/avr8/avr8-gnu-toolchain/bin/../lib/gcc/avr/5.4.0/avr25\libgcc.a(_exit.o)
 *(.fini0)
                0x00000914                _etext = .

.data           0x00800060        0x2 load address 0x00000914
                0x00800060                PROVIDE (__data_start, .)
 *(.data)
 *(.data*)
 .data.usbMsgLen
                0x00800060        0x1 usbdrv/usbdrv.o
 .data.usbTxLen
                0x00800061        0x1 usbdrv/usbdrv.o
                0x00800061                usbTxLen
 *(.rodata)
 *(.rodata*)
 *(.gnu.linkonce.d*)
                0x00800062                . = ALIGN (0x2)
                0x00800062                _edata = .
                0x00800062                PROVIDE (__data_end, .)

.bss            0x00800062       0xcd
                0x00800062                PROVIDE (__bss_start, .)
 *(.bss)
 *(.bss*)
 .bss.last_req  0x00800062        0x3 6keys/usbkeyboard.o
 .bss.vusb_idle_rate
                0x00800065        0x1 6keys/usbkeyboard.o
 .bss.kbuf_tail
                0x00800066        0x1 6keys/usbkeyboard.o
 .bss.kbuf_head
                0x00800067        0x1 6keys/usbkeyboard.o
 .bss.kbuf      0x00800068       0x80 6keys/usbkeyboard.o
 .bss.keyboard_leds
                0x008000e8        0x1 6keys/usbkeyboard.o
                0x008000e8                keyboard_leds
 .bss.keyboard_keys
                0x008000e9        0x6 6keys/usbkeyboard.o
                0x008000e9                keyboard_keys
 .bss.keyboard_modifier_keys
                0x008000ef        0x1 6keys/usbkeyboard.o
                0x008000ef                keyboard_modifier_keys
 .bss.keyboard_report
                0x008000f0        0x8 6keys/usbkeyboard.o
 .bss.usbMsgFlags
                0x008000f8        0x1 usbdrv/usbdrv.o
 *(COMMON)
 COMMON         0x008000f9       0x36 usbdrv/usbdrv.o
                0x008000f9                usbTxBuf
                0x00800104                usbTxStatus1
                0x00800110                usbDeviceAddr
                0x00800111                usbRxToken
                0x00800112                usbInputBufOffset
                0x00800113                usbMsgPtr
                0x00800115                usbRxLen
                0x00800116                usbNewDeviceAddr
                0x00800117                usbCurrentTok
                0x00800118                usbConfiguration
                0x00800119                usbRxBuf
                0x0080012f                PROVIDE (__bss_end, .)
                0x00000914                __data_load_start = LOADADDR (.data)
                0x00000916                __data_load_end = (__data_load_start + SIZEOF (.data))

.noinit         0x0080012f        0x0
                [!provide]                PROVIDE (__noinit_start, .)
 *(.noinit*)
                [!provide]                PROVIDE (__noinit_end, .)
                0x0080012f                _end = .
                [!provide]                PROVIDE (__heap_start, .)

.eeprom         0x00810000        0x0
 *(.eeprom*)
                0x00810000                __eeprom_end = .

.fuse
 *(.fuse)
 *(.lfuse)
 *(.hfuse)
 *(.efuse)

.lock
 *(.lock*)

.signature
 *(.signature*)

.user_signatures
 *(.user_signatures*)

.stab
 *(.stab)

.stabstr
 *(.stabstr)

.stab.excl
 *(.stab.excl)

.stab.exclstr
 *(.stab.exclstr)

.stab.index
 *(.stab.index)

.stab.indexstr
 *(.stab.indexstr)

.comment        0x00000000       0x30
 *(.comment)
 .comment       0x00000000       0x30 6keys/Functions.o
                                 0x31 (size before relaxing)
 .comment       0x00000030       0x31 6keys/TypeCode.o
 .comment       0x00000030       0x31 6keys/usbkeyboard.o
 .comment       0x00000030       0x31 main.o
 .comment       0x00000030       0x31 usbdrv/usbdrv.o

.note.gnu.avr.deviceinfo
                0x00000000       0x3c
 .note.gnu.avr.deviceinfo
                0x00000000       0x3c d:/program files (x86)/atmel/studio/7.0/toolchain/avr8/avr8-gnu-toolchain/bin/../lib/gcc/avr/5.4.0/../../../../avr/lib/avr25/crtattiny85.o

.note.gnu.build-id
 *(.note.gnu.build-id)

.debug
 *(.debug)

.line
 *(.line)

.debug_srcinfo
 *(.debug_srcinfo)

.debug_sfnames
 *(.debug_sfnames)

.debug_aranges  0x00000000      0x150
 *(.debug_aranges)
 .debug_aranges
                0x00000000       0x70 6keys/Functions.o
 .debug_aranges
                0x00000070       0x20 6keys/TypeCode.o
 .debug_aranges
                0x00000090       0x50 6keys/usbkeyboard.o
 .debug_aranges
                0x000000e0       0x20 main.o
 .debug_aranges
                0x00000100       0x30 usbdrv/usbdrv.o
 .debug_aranges
                0x00000130       0x20 usbdrv/usbdrvasm.o

.debug_pubnames
 *(.debug_pubnames)

.debug_info     0x00000000     0x1b60
 *(.debug_info .gnu.linkonce.wi.*)
 .debug_info    0x00000000      0x420 d:/program files (x86)/atmel/studio/7.0/toolchain/avr8/avr8-gnu-toolchain/bin/../lib/gcc/avr/5.4.0/../../../../avr/lib/avr25/crtattiny85.o
 .debug_info    0x00000420      0x688 6keys/Functions.o
 .debug_info    0x00000aa8       0xb9 6keys/TypeCode.o
 .debug_info    0x00000b61      0x5c5 6keys/usbkeyboard.o
 .debug_info    0x00001126       0x9e main.o
 .debug_info    0x000011c4      0x90a usbdrv/usbdrv.o
 .debug_info    0x00001ace       0x92 usbdrv/usbdrvasm.o

.debug_abbrev   0x00000000      0xd24
 *(.debug_abbrev)
 .debug_abbrev  0x00000000      0x3e8 d:/program files (x86)/atmel/studio/7.0/toolchain/avr8/avr8-gnu-toolchain/bin/../lib/gcc/avr/5.4.0/../../../../avr/lib/avr25/crtattiny85.o
 .debug_abbrev  0x000003e8      0x29a 6keys/Functions.o
 .debug_abbrev  0x00000682       0x7b 6keys/TypeCode.o
 .debug_abbrev  0x000006fd      0x2b3 6keys/usbkeyboard.o
 .debug_abbrev  0x000009b0       0x66 main.o
 .debug_abbrev  0x00000a16      0x2fa usbdrv/usbdrv.o
 .debug_abbrev  0x00000d10       0x14 usbdrv/usbdrvasm.o

.debug_line     0x00000000     0x15b5
 *(.debug_line .debug_line.* .debug_line_end)
 .debug_line    0x00000000       0x1a d:/program files (x86)/atmel/studio/7.0/toolchain/avr8/avr8-gnu-toolchain/bin/../lib/gcc/avr/5.4.0/../../../../avr/lib/avr25/crtattiny85.o
 .debug_line    0x0000001a      0x52e 6keys/Functions.o
 .debug_line    0x00000548       0xa9 6keys/TypeCode.o
 .debug_line    0x000005f1      0x3a1 6keys/usbkeyboard.o
 .debug_line    0x00000992       0x59 main.o
 .debug_line    0x000009eb      0x32a usbdrv/usbdrv.o
 .debug_line    0x00000d15      0x8a0 usbdrv/usbdrvasm.o

.debug_frame    0x00000000      0x224
 *(.debug_frame)
 .debug_frame   0x00000000       0xf8 6keys/Functions.o
 .debug_frame   0x000000f8       0x24 6keys/TypeCode.o
 .debug_frame   0x0000011c       0x8c 6keys/usbkeyboard.o
 .debug_frame   0x000001a8       0x24 main.o
 .debug_frame   0x000001cc       0x58 usbdrv/usbdrv.o

.debug_str      0x00000000      0x892
 *(.debug_str)
 .debug_str     0x00000000      0x169 d:/program files (x86)/atmel/studio/7.0/toolchain/avr8/avr8-gnu-toolchain/bin/../lib/gcc/avr/5.4.0/../../../../avr/lib/avr25/crtattiny85.o
 .debug_str     0x00000169      0x2f9 6keys/Functions.o
                                0x332 (size before relaxing)
 .debug_str     0x00000462       0x14 6keys/TypeCode.o
                                0x1a5 (size before relaxing)
 .debug_str     0x00000476      0x1ba 6keys/usbkeyboard.o
                                0x40d (size before relaxing)
 .debug_str     0x00000630       0x11 main.o
                                0x18e (size before relaxing)
 .debug_str     0x00000641      0x251 usbdrv/usbdrv.o
                                0x4e8 (size before relaxing)

.debug_loc      0x00000000      0xfac
 *(.debug_loc)
 .debug_loc     0x00000000      0x631 6keys/Functions.o
 .debug_loc     0x00000631      0x216 6keys/usbkeyboard.o
 .debug_loc     0x00000847      0x765 usbdrv/usbdrv.o

.debug_macinfo
 *(.debug_macinfo)

.debug_weaknames
 *(.debug_weaknames)

.debug_funcnames
 *(.debug_funcnames)

.debug_typenames
 *(.debug_typenames)

.debug_varnames
 *(.debug_varnames)

.debug_pubtypes
 *(.debug_pubtypes)

.debug_ranges   0x00000000      0x178
 *(.debug_ranges)
 .debug_ranges  0x00000000       0x78 6keys/Functions.o
 .debug_ranges  0x00000078       0x10 6keys/TypeCode.o
 .debug_ranges  0x00000088       0x40 6keys/usbkeyboard.o
 .debug_ranges  0x000000c8       0x10 main.o
 .debug_ranges  0x000000d8       0xa0 usbdrv/usbdrv.o

.debug_macro
 *(.debug_macro)
OUTPUT(Attiny85_Test1.elf elf32-avr)
LOAD linker stubs
